{"repositories":["distroless/base","hauler/hauler-helm","hauler/hauler-manifest.yaml","hauler/install.sh","hauler/rancher","hauler-dev/hauler-debug","library/busybox"]}
