<!doctype html>
<meta name="viewport" content="width=device-width">
<pre>
<a href="hauler-helm-2.0.2.tgz">hauler-helm-2.0.2.tgz</a>
<a href="install.sh">install.sh</a>
</pre>
