{"repositories":["hauler/hauler-helm","hauler/install.sh","hauler-dev/hauler-debug"]}
