{"repositories":["hauler/install.sh","hauler/rancher"]}
