<!doctype html>
<meta name="viewport" content="width=device-width">
<pre>
<a href="install.sh">install.sh</a>
<a href="rancher-2.8.5.tgz">rancher-2.8.5.tgz</a>
</pre>
