{"repositories":["distroless/base","hauler/hauler-helm","hauler/hauler-manifest.yaml","hauler/install.sh","hauler/rancher","library/busybox"]}
